// Jest Snapshot v1, https://goo.gl/fbAQLP

exports[`Card component matches snapshot 1`] = `
<DocumentFragment>
  <div>
    <img
      alt="Image Title"
      class="card"
      src="https://example.com/image.jpg"
    />
  </div>
</DocumentFragment>
`;
